<?xml version="1.0" encoding="utf-8"?>
<test-run id="2" testcasecount="45" result="Passed" total="45" passed="45" failed="0" inconclusive="0" skipped="0" asserts="0" engine-version="3.5.0.0" clr-version="4.0.30319.42000" start-time="2025-07-04 08:22:57Z" end-time="2025-07-04 08:22:58Z" duration="0.0900126">
  <test-suite type="TestSuite" id="1198" name="vpm-package-maker" fullname="vpm-package-maker" runstate="Runnable" testcasecount="168" result="Passed" start-time="2025-07-04 08:22:57Z" end-time="2025-07-04 08:22:58Z" duration="0.090013" total="45" passed="45" failed="0" inconclusive="0" skipped="0" asserts="0">
    <properties />
    <test-suite type="Assembly" id="1246" name="HoshinoLabs.Sardinject.Editor.Tests.dll" fullname="D:/GitHub/Sardinal/Library/ScriptAssemblies/HoshinoLabs.Sardinject.Editor.Tests.dll" runstate="Runnable" testcasecount="45" result="Passed" start-time="2025-07-04 08:22:57Z" end-time="2025-07-04 08:22:58Z" duration="0.079153" total="45" passed="45" failed="0" inconclusive="0" skipped="0" asserts="0">
      <properties>
        <property name="_PID" value="60016" />
        <property name="_APPDOMAIN" value="Unity Child Domain" />
        <property name="platform" value="EditMode" />
      </properties>
      <test-suite type="TestSuite" id="1247" name="HoshinoLabs" fullname="HoshinoLabs" runstate="Runnable" testcasecount="45" result="Passed" start-time="2025-07-04 08:22:57Z" end-time="2025-07-04 08:22:58Z" duration="0.078274" total="45" passed="45" failed="0" inconclusive="0" skipped="0" asserts="0">
        <properties />
        <test-suite type="TestSuite" id="1248" name="Sardinject" fullname="HoshinoLabs.Sardinject" runstate="Runnable" testcasecount="45" result="Passed" start-time="2025-07-04 08:22:57Z" end-time="2025-07-04 08:22:58Z" duration="0.077711" total="45" passed="45" failed="0" inconclusive="0" skipped="0" asserts="0">
          <properties />
          <test-suite type="TestSuite" id="1249" name="Tests" fullname="HoshinoLabs.Sardinject.Tests" runstate="Runnable" testcasecount="45" result="Passed" start-time="2025-07-04 08:22:57Z" end-time="2025-07-04 08:22:58Z" duration="0.073561" total="45" passed="45" failed="0" inconclusive="0" skipped="0" asserts="0">
            <properties />
            <test-suite type="TestFixture" id="1199" name="ContainerBuilderTest" fullname="HoshinoLabs.Sardinject.Tests.ContainerBuilderTest" classname="HoshinoLabs.Sardinject.Tests.ContainerBuilderTest" runstate="Runnable" testcasecount="15" result="Passed" start-time="2025-07-04 08:22:57Z" end-time="2025-07-04 08:22:57Z" duration="0.041178" total="15" passed="15" failed="0" inconclusive="0" skipped="0" asserts="0">
              <properties />
              <test-case id="1210" name="Build_CircularDependencies_ShouldThrow" fullname="HoshinoLabs.Sardinject.Tests.ContainerBuilderTest.Build_CircularDependencies_ShouldThrow" methodname="Build_CircularDependencies_ShouldThrow" classname="HoshinoLabs.Sardinject.Tests.ContainerBuilderTest" runstate="Runnable" seed="141533512" result="Passed" start-time="2025-07-04 08:22:57Z" end-time="2025-07-04 08:22:57Z" duration="0.023226" asserts="0">
                <properties />
              </test-case>
              <test-case id="1212" name="Build_MultipleConstructor_ShouldThrow" fullname="HoshinoLabs.Sardinject.Tests.ContainerBuilderTest.Build_MultipleConstructor_ShouldThrow" methodname="Build_MultipleConstructor_ShouldThrow" classname="HoshinoLabs.Sardinject.Tests.ContainerBuilderTest" runstate="Runnable" seed="1864150296" result="Passed" start-time="2025-07-04 08:22:57Z" end-time="2025-07-04 08:22:57Z" duration="0.002275" asserts="0">
                <properties />
              </test-case>
              <test-case id="1214" name="Build_MultipleInjectedConstructor_ShouldThrow" fullname="HoshinoLabs.Sardinject.Tests.ContainerBuilderTest.Build_MultipleInjectedConstructor_ShouldThrow" methodname="Build_MultipleInjectedConstructor_ShouldThrow" classname="HoshinoLabs.Sardinject.Tests.ContainerBuilderTest" runstate="Runnable" seed="1323498881" result="Passed" start-time="2025-07-04 08:22:57Z" end-time="2025-07-04 08:22:57Z" duration="0.000282" asserts="0">
                <properties />
              </test-case>
              <test-case id="1209" name="Build_ShouldNotThrow" fullname="HoshinoLabs.Sardinject.Tests.ContainerBuilderTest.Build_ShouldNotThrow" methodname="Build_ShouldNotThrow" classname="HoshinoLabs.Sardinject.Tests.ContainerBuilderTest" runstate="Runnable" seed="1699785392" result="Passed" start-time="2025-07-04 08:22:57Z" end-time="2025-07-04 08:22:57Z" duration="0.000284" asserts="0">
                <properties />
              </test-case>
              <test-case id="1211" name="Build_SingleConstructor_ShouldNotThrow" fullname="HoshinoLabs.Sardinject.Tests.ContainerBuilderTest.Build_SingleConstructor_ShouldNotThrow" methodname="Build_SingleConstructor_ShouldNotThrow" classname="HoshinoLabs.Sardinject.Tests.ContainerBuilderTest" runstate="Runnable" seed="771713161" result="Passed" start-time="2025-07-04 08:22:57Z" end-time="2025-07-04 08:22:57Z" duration="0.000246" asserts="0">
                <properties />
              </test-case>
              <test-case id="1213" name="Build_SingleInjectedConstructor_ShouldNotThrow" fullname="HoshinoLabs.Sardinject.Tests.ContainerBuilderTest.Build_SingleInjectedConstructor_ShouldNotThrow" methodname="Build_SingleInjectedConstructor_ShouldNotThrow" classname="HoshinoLabs.Sardinject.Tests.ContainerBuilderTest" runstate="Runnable" seed="2033489416" result="Passed" start-time="2025-07-04 08:22:57Z" end-time="2025-07-04 08:22:57Z" duration="0.000219" asserts="0">
                <properties />
              </test-case>
              <test-case id="1200" name="Register_ShouldNotThrow" fullname="HoshinoLabs.Sardinject.Tests.ContainerBuilderTest.Register_ShouldNotThrow" methodname="Register_ShouldNotThrow" classname="HoshinoLabs.Sardinject.Tests.ContainerBuilderTest" runstate="Runnable" seed="329034650" result="Passed" start-time="2025-07-04 08:22:57Z" end-time="2025-07-04 08:22:57Z" duration="0.000148" asserts="0">
                <properties />
              </test-case>
              <test-case id="1202" name="Register_SimpleThatInheritsIDisposable_ShouldThrow" fullname="HoshinoLabs.Sardinject.Tests.ContainerBuilderTest.Register_SimpleThatInheritsIDisposable_ShouldThrow" methodname="Register_SimpleThatInheritsIDisposable_ShouldThrow" classname="HoshinoLabs.Sardinject.Tests.ContainerBuilderTest" runstate="Runnable" seed="1607721505" result="Passed" start-time="2025-07-04 08:22:57Z" end-time="2025-07-04 08:22:57Z" duration="0.000340" asserts="0">
                <properties />
              </test-case>
              <test-case id="1201" name="Register_SimpleThatInheritsISimple_ShouldNotThrow" fullname="HoshinoLabs.Sardinject.Tests.ContainerBuilderTest.Register_SimpleThatInheritsISimple_ShouldNotThrow" methodname="Register_SimpleThatInheritsISimple_ShouldNotThrow" classname="HoshinoLabs.Sardinject.Tests.ContainerBuilderTest" runstate="Runnable" seed="1912244995" result="Passed" start-time="2025-07-04 08:22:57Z" end-time="2025-07-04 08:22:57Z" duration="0.000180" asserts="0">
                <properties />
              </test-case>
              <test-case id="1206" name="RegisterFactory_ShouldNotThrow" fullname="HoshinoLabs.Sardinject.Tests.ContainerBuilderTest.RegisterFactory_ShouldNotThrow" methodname="RegisterFactory_ShouldNotThrow" classname="HoshinoLabs.Sardinject.Tests.ContainerBuilderTest" runstate="Runnable" seed="1452764118" result="Passed" start-time="2025-07-04 08:22:57Z" end-time="2025-07-04 08:22:57Z" duration="0.000833" asserts="0">
                <properties />
              </test-case>
              <test-case id="1208" name="RegisterFactory_SimpleThatInheritsIDisposable_ShouldThrow" fullname="HoshinoLabs.Sardinject.Tests.ContainerBuilderTest.RegisterFactory_SimpleThatInheritsIDisposable_ShouldThrow" methodname="RegisterFactory_SimpleThatInheritsIDisposable_ShouldThrow" classname="HoshinoLabs.Sardinject.Tests.ContainerBuilderTest" runstate="Runnable" seed="681767799" result="Passed" start-time="2025-07-04 08:22:57Z" end-time="2025-07-04 08:22:57Z" duration="0.000230" asserts="0">
                <properties />
              </test-case>
              <test-case id="1207" name="RegisterFactory_SimpleThatInheritsISimple_ShouldNotThrow" fullname="HoshinoLabs.Sardinject.Tests.ContainerBuilderTest.RegisterFactory_SimpleThatInheritsISimple_ShouldNotThrow" methodname="RegisterFactory_SimpleThatInheritsISimple_ShouldNotThrow" classname="HoshinoLabs.Sardinject.Tests.ContainerBuilderTest" runstate="Runnable" seed="1611960695" result="Passed" start-time="2025-07-04 08:22:57Z" end-time="2025-07-04 08:22:57Z" duration="0.000183" asserts="0">
                <properties />
              </test-case>
              <test-case id="1203" name="RegisterInstance_ShouldNotThrow" fullname="HoshinoLabs.Sardinject.Tests.ContainerBuilderTest.RegisterInstance_ShouldNotThrow" methodname="RegisterInstance_ShouldNotThrow" classname="HoshinoLabs.Sardinject.Tests.ContainerBuilderTest" runstate="Runnable" seed="74509970" result="Passed" start-time="2025-07-04 08:22:57Z" end-time="2025-07-04 08:22:57Z" duration="0.000344" asserts="0">
                <properties />
              </test-case>
              <test-case id="1205" name="RegisterInstance_SimpleThatInheritsIDisposable_ShouldThrow" fullname="HoshinoLabs.Sardinject.Tests.ContainerBuilderTest.RegisterInstance_SimpleThatInheritsIDisposable_ShouldThrow" methodname="RegisterInstance_SimpleThatInheritsIDisposable_ShouldThrow" classname="HoshinoLabs.Sardinject.Tests.ContainerBuilderTest" runstate="Runnable" seed="211642366" result="Passed" start-time="2025-07-04 08:22:57Z" end-time="2025-07-04 08:22:57Z" duration="0.000176" asserts="0">
                <properties />
              </test-case>
              <test-case id="1204" name="RegisterInstance_SimpleThatInheritsISimple_ShouldNotThrow" fullname="HoshinoLabs.Sardinject.Tests.ContainerBuilderTest.RegisterInstance_SimpleThatInheritsISimple_ShouldNotThrow" methodname="RegisterInstance_SimpleThatInheritsISimple_ShouldNotThrow" classname="HoshinoLabs.Sardinject.Tests.ContainerBuilderTest" runstate="Runnable" seed="713087445" result="Passed" start-time="2025-07-04 08:22:57Z" end-time="2025-07-04 08:22:57Z" duration="0.000162" asserts="0">
                <properties />
              </test-case>
            </test-suite>
            <test-suite type="TestFixture" id="1215" name="ContainerTest" fullname="HoshinoLabs.Sardinject.Tests.ContainerTest" classname="HoshinoLabs.Sardinject.Tests.ContainerTest" runstate="Runnable" testcasecount="30" result="Passed" start-time="2025-07-04 08:22:57Z" end-time="2025-07-04 08:22:58Z" duration="0.027500" total="30" passed="30" failed="0" inconclusive="0" skipped="0" asserts="0">
              <properties />
              <test-case id="1238" name="Resolve_AsCachedFromLifetime_ShouldReturnAlwaysSameInstance" fullname="HoshinoLabs.Sardinject.Tests.ContainerTest.Resolve_AsCachedFromLifetime_ShouldReturnAlwaysSameInstance" methodname="Resolve_AsCachedFromLifetime_ShouldReturnAlwaysSameInstance" classname="HoshinoLabs.Sardinject.Tests.ContainerTest" runstate="Runnable" seed="1004476433" result="Passed" start-time="2025-07-04 08:22:57Z" end-time="2025-07-04 08:22:57Z" duration="0.004373" asserts="0">
                <properties />
              </test-case>
              <test-case id="1240" name="Resolve_AsCachedFromLifetime_ShouldReturnAlwaysSameInstanceBetweenHierarchyAsMuchAsPossible" fullname="HoshinoLabs.Sardinject.Tests.ContainerTest.Resolve_AsCachedFromLifetime_ShouldReturnAlwaysSameInstanceBetweenHierarchyAsMuchAsPossible" methodname="Resolve_AsCachedFromLifetime_ShouldReturnAlwaysSameInstanceBetweenHierarchyAsMuchAsPossible" classname="HoshinoLabs.Sardinject.Tests.ContainerTest" runstate="Runnable" seed="305713027" result="Passed" start-time="2025-07-04 08:22:57Z" end-time="2025-07-04 08:22:57Z" duration="0.002686" asserts="0">
                <properties />
              </test-case>
              <test-case id="1239" name="Resolve_AsCachedFromLifetimeOfOpenGeneric_ShouldReturnAlwaysSameInstance" fullname="HoshinoLabs.Sardinject.Tests.ContainerTest.Resolve_AsCachedFromLifetimeOfOpenGeneric_ShouldReturnAlwaysSameInstance" methodname="Resolve_AsCachedFromLifetimeOfOpenGeneric_ShouldReturnAlwaysSameInstance" classname="HoshinoLabs.Sardinject.Tests.ContainerTest" runstate="Runnable" seed="762747260" result="Passed" start-time="2025-07-04 08:22:57Z" end-time="2025-07-04 08:22:57Z" duration="0.002006" asserts="0">
                <properties />
              </test-case>
              <test-case id="1241" name="Resolve_AsScopedFromLifetime_ShouldReturnAlwaysSameInstance" fullname="HoshinoLabs.Sardinject.Tests.ContainerTest.Resolve_AsScopedFromLifetime_ShouldReturnAlwaysSameInstance" methodname="Resolve_AsScopedFromLifetime_ShouldReturnAlwaysSameInstance" classname="HoshinoLabs.Sardinject.Tests.ContainerTest" runstate="Runnable" seed="594928081" result="Passed" start-time="2025-07-04 08:22:57Z" end-time="2025-07-04 08:22:57Z" duration="0.000300" asserts="0">
                <properties />
              </test-case>
              <test-case id="1242" name="Resolve_AsScopedFromLifetime_ShouldReturnAlwaysSameInstanceButDoesNotHierarchy" fullname="HoshinoLabs.Sardinject.Tests.ContainerTest.Resolve_AsScopedFromLifetime_ShouldReturnAlwaysSameInstanceButDoesNotHierarchy" methodname="Resolve_AsScopedFromLifetime_ShouldReturnAlwaysSameInstanceButDoesNotHierarchy" classname="HoshinoLabs.Sardinject.Tests.ContainerTest" runstate="Runnable" seed="1525608178" result="Passed" start-time="2025-07-04 08:22:57Z" end-time="2025-07-04 08:22:57Z" duration="0.000465" asserts="0">
                <properties />
              </test-case>
              <test-case id="1235" name="Resolve_AsTransientFromLifetime_ShouldReturnAlwaysANewInstance" fullname="HoshinoLabs.Sardinject.Tests.ContainerTest.Resolve_AsTransientFromLifetime_ShouldReturnAlwaysANewInstance" methodname="Resolve_AsTransientFromLifetime_ShouldReturnAlwaysANewInstance" classname="HoshinoLabs.Sardinject.Tests.ContainerTest" runstate="Runnable" seed="1581438459" result="Passed" start-time="2025-07-04 08:22:57Z" end-time="2025-07-04 08:22:57Z" duration="0.000160" asserts="0">
                <properties />
              </test-case>
              <test-case id="1237" name="Resolve_AsTransientFromLifetime_ShouldReturnAlwaysANewInstanceButDoesNotHierarchy" fullname="HoshinoLabs.Sardinject.Tests.ContainerTest.Resolve_AsTransientFromLifetime_ShouldReturnAlwaysANewInstanceButDoesNotHierarchy" methodname="Resolve_AsTransientFromLifetime_ShouldReturnAlwaysANewInstanceButDoesNotHierarchy" classname="HoshinoLabs.Sardinject.Tests.ContainerTest" runstate="Runnable" seed="234790484" result="Passed" start-time="2025-07-04 08:22:57Z" end-time="2025-07-04 08:22:57Z" duration="0.000445" asserts="0">
                <properties />
              </test-case>
              <test-case id="1236" name="Resolve_AsTransientFromLifetimeOfOpenGeneric_ShouldReturnAlwaysANewInstance" fullname="HoshinoLabs.Sardinject.Tests.ContainerTest.Resolve_AsTransientFromLifetimeOfOpenGeneric_ShouldReturnAlwaysANewInstance" methodname="Resolve_AsTransientFromLifetimeOfOpenGeneric_ShouldReturnAlwaysANewInstance" classname="HoshinoLabs.Sardinject.Tests.ContainerTest" runstate="Runnable" seed="1918157157" result="Passed" start-time="2025-07-04 08:22:57Z" end-time="2025-07-04 08:22:57Z" duration="0.000248" asserts="0">
                <properties />
              </test-case>
              <test-case id="1243" name="Resolve_ConstructorCalled_ShouldInjectSpecifiedValue" fullname="HoshinoLabs.Sardinject.Tests.ContainerTest.Resolve_ConstructorCalled_ShouldInjectSpecifiedValue" methodname="Resolve_ConstructorCalled_ShouldInjectSpecifiedValue" classname="HoshinoLabs.Sardinject.Tests.ContainerTest" runstate="Runnable" seed="1089491416" result="Passed" start-time="2025-07-04 08:22:57Z" end-time="2025-07-04 08:22:58Z" duration="0.001398" asserts="0">
                <properties />
              </test-case>
              <test-case id="1225" name="Resolve_Container_ShouldReturnAlwaysSelfContainer" fullname="HoshinoLabs.Sardinject.Tests.ContainerTest.Resolve_Container_ShouldReturnAlwaysSelfContainer" methodname="Resolve_Container_ShouldReturnAlwaysSelfContainer" classname="HoshinoLabs.Sardinject.Tests.ContainerTest" runstate="Runnable" seed="978870248" result="Passed" start-time="2025-07-04 08:22:58Z" end-time="2025-07-04 08:22:58Z" duration="0.002088" asserts="0">
                <properties />
              </test-case>
              <test-case id="1226" name="Resolve_Container_ShouldReturnAlwaysSelfContainerButDoesNotHierarchy" fullname="HoshinoLabs.Sardinject.Tests.ContainerTest.Resolve_Container_ShouldReturnAlwaysSelfContainerButDoesNotHierarchy" methodname="Resolve_Container_ShouldReturnAlwaysSelfContainerButDoesNotHierarchy" classname="HoshinoLabs.Sardinject.Tests.ContainerTest" runstate="Runnable" seed="1848057360" result="Passed" start-time="2025-07-04 08:22:58Z" end-time="2025-07-04 08:22:58Z" duration="0.000430" asserts="0">
                <properties />
              </test-case>
              <test-case id="1244" name="Resolve_MethodCalled_ShouldInjectSpecifiedValue" fullname="HoshinoLabs.Sardinject.Tests.ContainerTest.Resolve_MethodCalled_ShouldInjectSpecifiedValue" methodname="Resolve_MethodCalled_ShouldInjectSpecifiedValue" classname="HoshinoLabs.Sardinject.Tests.ContainerTest" runstate="Runnable" seed="1704715311" result="Passed" start-time="2025-07-04 08:22:58Z" end-time="2025-07-04 08:22:58Z" duration="0.001183" asserts="0">
                <properties />
              </test-case>
              <test-case id="1231" name="Resolve_NamedParameterFromFactoryValue_ShouldInjectSpecifiedValue" fullname="HoshinoLabs.Sardinject.Tests.ContainerTest.Resolve_NamedParameterFromFactoryValue_ShouldInjectSpecifiedValue" methodname="Resolve_NamedParameterFromFactoryValue_ShouldInjectSpecifiedValue" classname="HoshinoLabs.Sardinject.Tests.ContainerTest" runstate="Runnable" seed="595184788" result="Passed" start-time="2025-07-04 08:22:58Z" end-time="2025-07-04 08:22:58Z" duration="0.000457" asserts="0">
                <properties />
              </test-case>
              <test-case id="1230" name="Resolve_NamedParameterFromValue_ShouldInjectSpecifiedValue" fullname="HoshinoLabs.Sardinject.Tests.ContainerTest.Resolve_NamedParameterFromValue_ShouldInjectSpecifiedValue" methodname="Resolve_NamedParameterFromValue_ShouldInjectSpecifiedValue" classname="HoshinoLabs.Sardinject.Tests.ContainerTest" runstate="Runnable" seed="882418858" result="Passed" start-time="2025-07-04 08:22:58Z" end-time="2025-07-04 08:22:58Z" duration="0.000232" asserts="0">
                <properties />
              </test-case>
              <test-case id="1245" name="Resolve_PropertyCalled_ShouldInjectSpecifiedValue" fullname="HoshinoLabs.Sardinject.Tests.ContainerTest.Resolve_PropertyCalled_ShouldInjectSpecifiedValue" methodname="Resolve_PropertyCalled_ShouldInjectSpecifiedValue" classname="HoshinoLabs.Sardinject.Tests.ContainerTest" runstate="Runnable" seed="2117522205" result="Passed" start-time="2025-07-04 08:22:58Z" end-time="2025-07-04 08:22:58Z" duration="0.000536" asserts="0">
                <properties />
              </test-case>
              <test-case id="1224" name="Resolve_RegisterByFactory_ShouldReturnAlwaysANewInstance" fullname="HoshinoLabs.Sardinject.Tests.ContainerTest.Resolve_RegisterByFactory_ShouldReturnAlwaysANewInstance" methodname="Resolve_RegisterByFactory_ShouldReturnAlwaysANewInstance" classname="HoshinoLabs.Sardinject.Tests.ContainerTest" runstate="Runnable" seed="2054571263" result="Passed" start-time="2025-07-04 08:22:58Z" end-time="2025-07-04 08:22:58Z" duration="0.000523" asserts="0">
                <properties />
              </test-case>
              <test-case id="1223" name="Resolve_RegisterByInstance_ShouldReturnAlwaysSameInstance" fullname="HoshinoLabs.Sardinject.Tests.ContainerTest.Resolve_RegisterByInstance_ShouldReturnAlwaysSameInstance" methodname="Resolve_RegisterByInstance_ShouldReturnAlwaysSameInstance" classname="HoshinoLabs.Sardinject.Tests.ContainerTest" runstate="Runnable" seed="1500969830" result="Passed" start-time="2025-07-04 08:22:58Z" end-time="2025-07-04 08:22:58Z" duration="0.000447" asserts="0">
                <properties />
              </test-case>
              <test-case id="1217" name="Resolve_RegisterByType_ShouldNotThrow" fullname="HoshinoLabs.Sardinject.Tests.ContainerTest.Resolve_RegisterByType_ShouldNotThrow" methodname="Resolve_RegisterByType_ShouldNotThrow" classname="HoshinoLabs.Sardinject.Tests.ContainerTest" runstate="Runnable" seed="100017662" result="Passed" start-time="2025-07-04 08:22:58Z" end-time="2025-07-04 08:22:58Z" duration="0.000198" asserts="0">
                <properties />
              </test-case>
              <test-case id="1220" name="Resolve_RegisterByType_ShouldReturnArrayOfAllValuesInOrderRegistered" fullname="HoshinoLabs.Sardinject.Tests.ContainerTest.Resolve_RegisterByType_ShouldReturnArrayOfAllValuesInOrderRegistered" methodname="Resolve_RegisterByType_ShouldReturnArrayOfAllValuesInOrderRegistered" classname="HoshinoLabs.Sardinject.Tests.ContainerTest" runstate="Runnable" seed="642589095" result="Passed" start-time="2025-07-04 08:22:58Z" end-time="2025-07-04 08:22:58Z" duration="0.000707" asserts="0">
                <properties />
              </test-case>
              <test-case id="1222" name="Resolve_RegisterByType_ShouldReturnEnumerableOfAllValuesInOrderRegistered" fullname="HoshinoLabs.Sardinject.Tests.ContainerTest.Resolve_RegisterByType_ShouldReturnEnumerableOfAllValuesInOrderRegistered" methodname="Resolve_RegisterByType_ShouldReturnEnumerableOfAllValuesInOrderRegistered" classname="HoshinoLabs.Sardinject.Tests.ContainerTest" runstate="Runnable" seed="1492572004" result="Passed" start-time="2025-07-04 08:22:58Z" end-time="2025-07-04 08:22:58Z" duration="0.000463" asserts="0">
                <properties />
              </test-case>
              <test-case id="1218" name="Resolve_RegisterByTypeOfOpenGeneric_ShouldNotThrow" fullname="HoshinoLabs.Sardinject.Tests.ContainerTest.Resolve_RegisterByTypeOfOpenGeneric_ShouldNotThrow" methodname="Resolve_RegisterByTypeOfOpenGeneric_ShouldNotThrow" classname="HoshinoLabs.Sardinject.Tests.ContainerTest" runstate="Runnable" seed="232357844" result="Passed" start-time="2025-07-04 08:22:58Z" end-time="2025-07-04 08:22:58Z" duration="0.000232" asserts="0">
                <properties />
              </test-case>
              <test-case id="1234" name="Resolve_RegisterTypeWithId_ShouldInjectSpecifiedValue" fullname="HoshinoLabs.Sardinject.Tests.ContainerTest.Resolve_RegisterTypeWithId_ShouldInjectSpecifiedValue" methodname="Resolve_RegisterTypeWithId_ShouldInjectSpecifiedValue" classname="HoshinoLabs.Sardinject.Tests.ContainerTest" runstate="Runnable" seed="642189132" result="Passed" start-time="2025-07-04 08:22:58Z" end-time="2025-07-04 08:22:58Z" duration="0.000324" asserts="0">
                <properties />
              </test-case>
              <test-case id="1228" name="Resolve_SimpleThatInheritsAsImplementedInterfaces_ShouldUnspecifiedInterfacesThrow" fullname="HoshinoLabs.Sardinject.Tests.ContainerTest.Resolve_SimpleThatInheritsAsImplementedInterfaces_ShouldUnspecifiedInterfacesThrow" methodname="Resolve_SimpleThatInheritsAsImplementedInterfaces_ShouldUnspecifiedInterfacesThrow" classname="HoshinoLabs.Sardinject.Tests.ContainerTest" runstate="Runnable" seed="867771285" result="Passed" start-time="2025-07-04 08:22:58Z" end-time="2025-07-04 08:22:58Z" duration="0.000329" asserts="0">
                <properties />
              </test-case>
              <test-case id="1227" name="Resolve_SimpleThatInheritsAsInterface_ShouldUnspecifiedInterfacesThrow" fullname="HoshinoLabs.Sardinject.Tests.ContainerTest.Resolve_SimpleThatInheritsAsInterface_ShouldUnspecifiedInterfacesThrow" methodname="Resolve_SimpleThatInheritsAsInterface_ShouldUnspecifiedInterfacesThrow" classname="HoshinoLabs.Sardinject.Tests.ContainerTest" runstate="Runnable" seed="1661440812" result="Passed" start-time="2025-07-04 08:22:58Z" end-time="2025-07-04 08:22:58Z" duration="0.000332" asserts="0">
                <properties />
              </test-case>
              <test-case id="1229" name="Resolve_SimpleThatInheritsAsSelf_ShouldUnspecifiedInterfacesThrow" fullname="HoshinoLabs.Sardinject.Tests.ContainerTest.Resolve_SimpleThatInheritsAsSelf_ShouldUnspecifiedInterfacesThrow" methodname="Resolve_SimpleThatInheritsAsSelf_ShouldUnspecifiedInterfacesThrow" classname="HoshinoLabs.Sardinject.Tests.ContainerTest" runstate="Runnable" seed="1009953559" result="Passed" start-time="2025-07-04 08:22:58Z" end-time="2025-07-04 08:22:58Z" duration="0.000302" asserts="0">
                <properties />
              </test-case>
              <test-case id="1233" name="Resolve_TypedParameterFromFactoryValue_ShouldInjectSpecifiedValue" fullname="HoshinoLabs.Sardinject.Tests.ContainerTest.Resolve_TypedParameterFromFactoryValue_ShouldInjectSpecifiedValue" methodname="Resolve_TypedParameterFromFactoryValue_ShouldInjectSpecifiedValue" classname="HoshinoLabs.Sardinject.Tests.ContainerTest" runstate="Runnable" seed="1509163199" result="Passed" start-time="2025-07-04 08:22:58Z" end-time="2025-07-04 08:22:58Z" duration="0.000358" asserts="0">
                <properties />
              </test-case>
              <test-case id="1232" name="Resolve_TypedParameterFromValue_ShouldInjectSpecifiedValue" fullname="HoshinoLabs.Sardinject.Tests.ContainerTest.Resolve_TypedParameterFromValue_ShouldInjectSpecifiedValue" methodname="Resolve_TypedParameterFromValue_ShouldInjectSpecifiedValue" classname="HoshinoLabs.Sardinject.Tests.ContainerTest" runstate="Runnable" seed="1935639948" result="Passed" start-time="2025-07-04 08:22:58Z" end-time="2025-07-04 08:22:58Z" duration="0.000167" asserts="0">
                <properties />
              </test-case>
              <test-case id="1219" name="Resolve_UnregisterByType_ShouldReturnEmptyArray" fullname="HoshinoLabs.Sardinject.Tests.ContainerTest.Resolve_UnregisterByType_ShouldReturnEmptyArray" methodname="Resolve_UnregisterByType_ShouldReturnEmptyArray" classname="HoshinoLabs.Sardinject.Tests.ContainerTest" runstate="Runnable" seed="276669501" result="Passed" start-time="2025-07-04 08:22:58Z" end-time="2025-07-04 08:22:58Z" duration="0.000614" asserts="0">
                <properties />
              </test-case>
              <test-case id="1221" name="Resolve_UnregisterByType_ShouldReturnEmptyEnumerable" fullname="HoshinoLabs.Sardinject.Tests.ContainerTest.Resolve_UnregisterByType_ShouldReturnEmptyEnumerable" methodname="Resolve_UnregisterByType_ShouldReturnEmptyEnumerable" classname="HoshinoLabs.Sardinject.Tests.ContainerTest" runstate="Runnable" seed="1467531659" result="Passed" start-time="2025-07-04 08:22:58Z" end-time="2025-07-04 08:22:58Z" duration="0.000393" asserts="0">
                <properties />
              </test-case>
              <test-case id="1216" name="Resolve_UnregisterByType_ShouldThrow" fullname="HoshinoLabs.Sardinject.Tests.ContainerTest.Resolve_UnregisterByType_ShouldThrow" methodname="Resolve_UnregisterByType_ShouldThrow" classname="HoshinoLabs.Sardinject.Tests.ContainerTest" runstate="Runnable" seed="1320309837" result="Passed" start-time="2025-07-04 08:22:58Z" end-time="2025-07-04 08:22:58Z" duration="0.000202" asserts="0">
                <properties />
              </test-case>
            </test-suite>
          </test-suite>
        </test-suite>
      </test-suite>
    </test-suite>
  </test-suite>
</test-run>